Archive member included to satisfy reference by file (symbol)

c:/program files (x86)/atmel/studio/7.0/toolchain/avr8/avr8-gnu-toolchain/bin/../lib/gcc/avr/5.4.0/../../../../avr/lib/avr51\libm.a(acos.o)
                              main.o (acos)
c:/program files (x86)/atmel/studio/7.0/toolchain/avr8/avr8-gnu-toolchain/bin/../lib/gcc/avr/5.4.0/../../../../avr/lib/avr51\libm.a(addsf3.o)
                              main.o (__subsf3)
c:/program files (x86)/atmel/studio/7.0/toolchain/avr8/avr8-gnu-toolchain/bin/../lib/gcc/avr/5.4.0/../../../../avr/lib/avr51\libm.a(addsf3x.o)
                              c:/program files (x86)/atmel/studio/7.0/toolchain/avr8/avr8-gnu-toolchain/bin/../lib/gcc/avr/5.4.0/../../../../avr/lib/avr51\libm.a(acos.o) (__addsf3x)
c:/program files (x86)/atmel/studio/7.0/toolchain/avr8/avr8-gnu-toolchain/bin/../lib/gcc/avr/5.4.0/../../../../avr/lib/avr51\libm.a(atan.o)
                              main.o (atan)
c:/program files (x86)/atmel/studio/7.0/toolchain/avr8/avr8-gnu-toolchain/bin/../lib/gcc/avr/5.4.0/../../../../avr/lib/avr51\libm.a(cmpsf2.o)
                              main.o (__eqsf2)
c:/program files (x86)/atmel/studio/7.0/toolchain/avr8/avr8-gnu-toolchain/bin/../lib/gcc/avr/5.4.0/../../../../avr/lib/avr51\libm.a(divsf3.o)
                              main.o (__divsf3)
c:/program files (x86)/atmel/studio/7.0/toolchain/avr8/avr8-gnu-toolchain/bin/../lib/gcc/avr/5.4.0/../../../../avr/lib/avr51\libm.a(divsf3x.o)
                              c:/program files (x86)/atmel/studio/7.0/toolchain/avr8/avr8-gnu-toolchain/bin/../lib/gcc/avr/5.4.0/../../../../avr/lib/avr51\libm.a(divsf3.o) (__divsf3x)
c:/program files (x86)/atmel/studio/7.0/toolchain/avr8/avr8-gnu-toolchain/bin/../lib/gcc/avr/5.4.0/../../../../avr/lib/avr51\libm.a(fixsfsi.o)
                              main.o (__fixsfsi)
c:/program files (x86)/atmel/studio/7.0/toolchain/avr8/avr8-gnu-toolchain/bin/../lib/gcc/avr/5.4.0/../../../../avr/lib/avr51\libm.a(fixunssfsi.o)
                              main.o (__fixunssfsi)
c:/program files (x86)/atmel/studio/7.0/toolchain/avr8/avr8-gnu-toolchain/bin/../lib/gcc/avr/5.4.0/../../../../avr/lib/avr51\libm.a(floatsisf.o)
                              main.o (__floatunsisf)
c:/program files (x86)/atmel/studio/7.0/toolchain/avr8/avr8-gnu-toolchain/bin/../lib/gcc/avr/5.4.0/../../../../avr/lib/avr51\libm.a(fp_arccos.o)
                              c:/program files (x86)/atmel/studio/7.0/toolchain/avr8/avr8-gnu-toolchain/bin/../lib/gcc/avr/5.4.0/../../../../avr/lib/avr51\libm.a(acos.o) (__fp_arccos)
c:/program files (x86)/atmel/studio/7.0/toolchain/avr8/avr8-gnu-toolchain/bin/../lib/gcc/avr/5.4.0/../../../../avr/lib/avr51\libm.a(fp_cmp.o)
                              c:/program files (x86)/atmel/studio/7.0/toolchain/avr8/avr8-gnu-toolchain/bin/../lib/gcc/avr/5.4.0/../../../../avr/lib/avr51\libm.a(cmpsf2.o) (__fp_cmp)
c:/program files (x86)/atmel/studio/7.0/toolchain/avr8/avr8-gnu-toolchain/bin/../lib/gcc/avr/5.4.0/../../../../avr/lib/avr51\libm.a(fp_inf.o)
                              c:/program files (x86)/atmel/studio/7.0/toolchain/avr8/avr8-gnu-toolchain/bin/../lib/gcc/avr/5.4.0/../../../../avr/lib/avr51\libm.a(addsf3x.o) (__fp_inf)
c:/program files (x86)/atmel/studio/7.0/toolchain/avr8/avr8-gnu-toolchain/bin/../lib/gcc/avr/5.4.0/../../../../avr/lib/avr51\libm.a(fp_nan.o)
                              c:/program files (x86)/atmel/studio/7.0/toolchain/avr8/avr8-gnu-toolchain/bin/../lib/gcc/avr/5.4.0/../../../../avr/lib/avr51\libm.a(addsf3x.o) (__fp_nan)
c:/program files (x86)/atmel/studio/7.0/toolchain/avr8/avr8-gnu-toolchain/bin/../lib/gcc/avr/5.4.0/../../../../avr/lib/avr51\libm.a(fp_powser.o)
                              c:/program files (x86)/atmel/studio/7.0/toolchain/avr8/avr8-gnu-toolchain/bin/../lib/gcc/avr/5.4.0/../../../../avr/lib/avr51\libm.a(atan.o) (__fp_powser)
c:/program files (x86)/atmel/studio/7.0/toolchain/avr8/avr8-gnu-toolchain/bin/../lib/gcc/avr/5.4.0/../../../../avr/lib/avr51\libm.a(fp_pscA.o)
                              c:/program files (x86)/atmel/studio/7.0/toolchain/avr8/avr8-gnu-toolchain/bin/../lib/gcc/avr/5.4.0/../../../../avr/lib/avr51\libm.a(addsf3x.o) (__fp_pscA)
c:/program files (x86)/atmel/studio/7.0/toolchain/avr8/avr8-gnu-toolchain/bin/../lib/gcc/avr/5.4.0/../../../../avr/lib/avr51\libm.a(fp_pscB.o)
                              c:/program files (x86)/atmel/studio/7.0/toolchain/avr8/avr8-gnu-toolchain/bin/../lib/gcc/avr/5.4.0/../../../../avr/lib/avr51\libm.a(addsf3x.o) (__fp_pscB)
c:/program files (x86)/atmel/studio/7.0/toolchain/avr8/avr8-gnu-toolchain/bin/../lib/gcc/avr/5.4.0/../../../../avr/lib/avr51\libm.a(fp_round.o)
                              c:/program files (x86)/atmel/studio/7.0/toolchain/avr8/avr8-gnu-toolchain/bin/../lib/gcc/avr/5.4.0/../../../../avr/lib/avr51\libm.a(acos.o) (__fp_round)
[...]
Memory Configuration

Name             Origin             Length             Attributes
text             0x00000000         0x00020000         xr
data             0x00800100         0x0000ff00         rw !x
eeprom           0x00810000         0x00010000         rw !x
fuse             0x00820000         0x00000003         rw !x
lock             0x00830000         0x00000400         rw !x
signature        0x00840000         0x00000400         rw !x
user_signatures  0x00850000         0x00000400         rw !x
*default*        0x00000000         0xffffffff

Linker script and memory map

Address of section .data set to 0x800100
LOAD C:/Program Files (x86)/Atmel/Studio/7.0/Packs/atmel/ATmega_DFP/1.2.209/gcc/dev/atmega128a/avr51/crtatmega128a.o
LOAD main.o
START GROUP
LOAD c:/program files (x86)/atmel/studio/7.0/toolchain/avr8/avr8-gnu-toolchain/bin/../lib/gcc/avr/5.4.0/../../../../avr/lib/avr51\libm.a
END GROUP
LOAD c:/program files (x86)/atmel/studio/7.0/toolchain/avr8/avr8-gnu-toolchain/bin/../lib/gcc/avr/5.4.0/avr51\libgcc.a
LOAD c:/program files (x86)/atmel/studio/7.0/toolchain/avr8/avr8-gnu-toolchain/bin/../lib/gcc/avr/5.4.0/../../../../avr/lib/avr51\libm.a
START GROUP
LOAD c:/program files (x86)/atmel/studio/7.0/toolchain/avr8/avr8-gnu-toolchain/bin/../lib/gcc/avr/5.4.0/avr51\libgcc.a
LOAD c:/program files (x86)/atmel/studio/7.0/toolchain/avr8/avr8-gnu-toolchain/bin/../lib/gcc/avr/5.4.0/../../../../avr/lib/avr51\libm.a
LOAD c:/program files (x86)/atmel/studio/7.0/toolchain/avr8/avr8-gnu-toolchain/bin/../lib/gcc/avr/5.4.0/../../../../avr/lib/avr51\libc.a
LOAD C:/Program Files (x86)/Atmel/Studio/7.0/Packs/atmel/ATmega_DFP/1.2.209/gcc/dev/atmega128a/avr51\libatmega128a.a
END GROUP
                0x00020000                __TEXT_REGION_LENGTH__ = DEFINED (__TEXT_REGION_LENGTH__)?__TEXT_REGION_LENGTH__:0x20000
                0x0000ff00                __DATA_REGION_LENGTH__ = DEFINED (__DATA_REGION_LENGTH__)?__DATA_REGION_LENGTH__:0xff00
                0x00010000                __EEPROM_REGION_LENGTH__ = DEFINED (__EEPROM_REGION_LENGTH__)?__EEPROM_REGION_LENGTH__:0x10000
                [0x00000003]                __FUSE_REGION_LENGTH__ = DEFINED (__FUSE_REGION_LENGTH__)?__FUSE_REGION_LENGTH__:0x400
                0x00000400                __LOCK_REGION_LENGTH__ = DEFINED (__LOCK_REGION_LENGTH__)?__LOCK_REGION_LENGTH__:0x400
                0x00000400                __SIGNATURE_REGION_LENGTH__ = DEFINED (__SIGNATURE_REGION_LENGTH__)?__SIGNATURE_REGION_LENGTH__:0x400
                0x00000400                __USER_SIGNATURE_REGION_LENGTH__ = DEFINED (__USER_SIGNATURE_REGION_LENGTH__)?__USER_SIGNATURE_REGION_LENGTH__:0x400

.hash
 *(.hash)

.dynsym
 *(.dynsym)

.dynstr
 *(.dynstr)

.gnu.version
 *(.gnu.version)

.gnu.version_d
 *(.gnu.version_d)

.gnu.version_r
 *(.gnu.version_r)

.rel.init
 *(.rel.init)

.rela.init
 *(.rela.init)

.rel.text
 *(.rel.text)
 *(.rel.text.*)
 *(.rel.gnu.linkonce.t*)

.rela.text
 *(.rela.text)
 *(.rela.text.*)
 *(.rela.gnu.linkonce.t*)

.rel.fini
 *(.rel.fini)

.rela.fini
 *(.rela.fini)

.rel.rodata
 *(.rel.rodata)
 *(.rel.rodata.*)
 *(.rel.gnu.linkonce.r*)

.rela.rodata
 *(.rela.rodata)
 *(.rela.rodata.*)
 *(.rela.gnu.linkonce.r*)

.rel.data
 *(.rel.data)
 *(.rel.data.*)
 *(.rel.gnu.linkonce.d*)

.rela.data
 *(.rela.data)
 *(.rela.data.*)
 *(.rela.gnu.linkonce.d*)

.rel.ctors
 *(.rel.ctors)

.rela.ctors
 *(.rela.ctors)

.rel.dtors
 *(.rel.dtors)

.rela.dtors
 *(.rela.dtors)

.rel.got
 *(.rel.got)

.rela.got
 *(.rela.got)

.rel.bss
 *(.rel.bss)

.rela.bss
 *(.rela.bss)

.rel.plt
 *(.rel.plt)

.rela.plt
 *(.rela.plt)

.text           0x00000000     0x5e0a
 *(.vectors)
 .vectors       0x00000000       0x8c C:/Program Files (x86)/Atmel/Studio/7.0/Packs/atmel/ATmega_DFP/1.2.209/gcc/dev/atmega128a/avr51/crtatmega128a.o
                0x00000000                __vector_default
                0x00000000                __vectors
 *(.vectors)
 *(.progmem.gcc*)
 .progmem.gcc_fplib
                0x0000008c       0x2d c:/program files (x86)/atmel/studio/7.0/toolchain/avr8/avr8-gnu-toolchain/bin/../lib/gcc/avr/5.4.0/../../../../avr/lib/avr51\libm.a(atan.o)
 .progmem.gcc_fplib
                0x000000b9       0x28 c:/program files (x86)/atmel/studio/7.0/toolchain/avr8/avr8-gnu-toolchain/bin/../lib/gcc/avr/5.4.0/../../../../avr/lib/avr51\libm.a(fp_arccos.o)
 .progmem.gcc_fplib
                0x000000e1       0x5a c:/program files (x86)/atmel/studio/7.0/toolchain/avr8/avr8-gnu-toolchain/bin/../lib/gcc/avr/5.4.0/../../../../avr/lib/avr51\libm.a(log.o)
 .progmem.gcc_fplib
                0x0000013b       0x28 c:/program files (x86)/atmel/studio/7.0/toolchain/avr8/avr8-gnu-toolchain/bin/../lib/gcc/avr/5.4.0/../../../../avr/lib/avr51\libm.a(exp.o)
                0x00000164                . = ALIGN (0x2)
 *fill*         0x00000163        0x1 
                0x00000164                __trampolines_start = .
 *(.trampolines)
 .trampolines   0x00000164        0x0 linker stubs
 *(.trampolines*)
                0x00000164                __trampolines_end = .
 *libprintf_flt.a:*(.progmem.data)
 *libc.a:*(.progmem.data)
 *(.progmem*)
                0x00000164                . = ALIGN (0x2)
 *(.jumptables)
 *(.jumptables*)
 *(.lowtext)
 *(.lowtext*)
                0x00000164                __ctors_start = .
 *(.ctors)
 .ctors         0x00000164        0x2 main.o
                0x00000166                __ctors_end = .
                0x00000166                __dtors_start = .
 *(.dtors)
                0x00000166                __dtors_end = .
 SORT(*)(.ctors)
 SORT(*)(.dtors)
 *(.init0)
 .init0         0x00000166        0x0 C:/Program Files (x86)/Atmel/Studio/7.0/Packs/atmel/ATmega_DFP/1.2.209/gcc/dev/atmega128a/avr51/crtatmega128a.o
                0x00000166                __init
 *(.init0)
 *(.init1)
 *(.init1)
 *(.init2)
 .init2         0x00000166        0xc C:/Program Files (x86)/Atmel/Studio/7.0/Packs/atmel/ATmega_DFP/1.2.209/gcc/dev/atmega128a/avr51/crtatmega128a.o
 *(.init2)
 *(.init3)
 *(.init3)
 *(.init4)
 .init4         0x00000172       0x1a c:/program files (x86)/atmel/studio/7.0/toolchain/avr8/avr8-gnu-toolchain/bin/../lib/gcc/avr/5.4.0/avr51\libgcc.a(_copy_data.o)
                0x00000172                __do_copy_data
 .init4         0x0000018c       0x10 c:/program files (x86)/atmel/studio/7.0/toolchain/avr8/avr8-gnu-toolchain/bin/../lib/gcc/avr/5.4.0/avr51\libgcc.a(_clear_bss.o)
                0x0000018c                __do_clear_bss
 *(.init4)
 *(.init5)
 *(.init5)
 *(.init6)
 .init6         0x0000019c       0x16 c:/program files (x86)/atmel/studio/7.0/toolchain/avr8/avr8-gnu-toolchain/bin/../lib/gcc/avr/5.4.0/avr51\libgcc.a(_ctors.o)
                0x0000019c                __do_global_ctors
 *(.init6)
 *(.init7)
 *(.init7)
 *(.init8)
 *(.init8)
 *(.init9)
 .init9         0x000001b2        0x8 C:/Program Files (x86)/Atmel/Studio/7.0/Packs/atmel/ATmega_DFP/1.2.209/gcc/dev/atmega128a/avr51/crtatmega128a.o
 *(.init9)
 *(.text)
 .text          0x000001ba        0x2 C:/Program Files (x86)/Atmel/Studio/7.0/Packs/atmel/ATmega_DFP/1.2.209/gcc/dev/atmega128a/avr51/crtatmega128a.o
                0x000001ba                __vector_22
                0x000001ba                __vector_28
                0x000001ba                __vector_1
                0x000001ba                __vector_32
                0x000001ba                __vector_34
                0x000001ba                __vector_24
                0x000001ba                __vector_12
                0x000001ba                __bad_interrupt
                0x000001ba                __vector_6
                0x000001ba                __vector_31
                0x000001ba                __vector_23
                0x000001ba                __vector_30
                0x000001ba                __vector_25
                0x000001ba                __vector_11
                0x000001ba                __vector_13
                0x000001ba                __vector_17
                0x000001ba                __vector_19
                0x000001ba                __vector_7
                0x000001ba                __vector_27
                0x000001ba                __vector_5
                0x000001ba                __vector_33
                0x000001ba                __vector_4
                0x000001ba                __vector_9
                0x000001ba                __vector_2
                0x000001ba                __vector_21
                0x000001ba                __vector_15
                0x000001ba                __vector_29
                0x000001ba                __vector_8
                0x000001ba                __vector_26
                0x000001ba                __vector_10
                0x000001ba                __vector_16
                0x000001ba                __vector_20
                0x000001bc                . = ALIGN (0x2)
 *(.text.*)
 .text._ZL10csn_assertv
                0x000001bc        0x4 main.o
 .text._ZL12csn_deassertv
                0x000001c0        0x4 main.o
 .text._Z9uart_initv
                0x000001c4       0x14 main.o
                0x000001c4                _Z9uart_initv
 .text._Z7Uart_trPc
                0x000001d8       0x1c main.o
                0x000001d8                _Z7Uart_trPc
 .text._Z13i2c_stop_condv
                0x000001f4       0x6a main.o
                0x000001f4                _Z13i2c_stop_condv
 .text._Z8i2c_initv
                0x0000025e        0xc main.o
                0x0000025e                _Z8i2c_initv
 .text._Z14i2c_start_condv
                0x0000026a       0x16 main.o
                0x0000026a                _Z14i2c_start_condv
 .text._Z13i2c_send_byteh
                0x00000280       0x46 main.o
                0x00000280                _Z13i2c_send_byteh
 .text._Z12i2c_get_byteh
                0x000002c6       0x50 main.o
                0x000002c6                _Z12i2c_get_byteh
 .text._Z14i2c_stop_cond1v
                0x00000316       0x6a main.o
                0x00000316                _Z14i2c_stop_cond1v
 .text._Z9i2c_init1v
                0x00000380        0xc main.o
                0x00000380                _Z9i2c_init1v
 .text._Z15i2c_start_cond1v
                0x0000038c       0x16 main.o
                0x0000038c                _Z15i2c_start_cond1v
 .text._Z14i2c_send_byte1h
                0x000003a2       0x46 main.o
                0x000003a2                _Z14i2c_send_byte1h
 .text._Z13i2c_get_byte1h
                0x000003e8       0x50 main.o
                0x000003e8                _Z13i2c_get_byte1h
 .text._Z15bmp280ReadShorth
                0x00000438       0x38 main.o
                0x00000438                _Z15bmp280ReadShorth
 .text._Z14bmp280ReadLongh
                0x00000470       0x76 main.o
                0x00000470                _Z14bmp280ReadLongh
 .text._Z15bmp280WriteBytehh
                0x000004e6       0x1c main.o
                0x000004e6                _Z15bmp280WriteBytehh
 .text._Z6read_Tv
                0x00000502      0x114 main.o
                0x00000502                _Z6read_Tv
 .text._Z6read_Pv
                0x00000616      0x2b8 main.o
                0x00000616                _Z6read_Pv
 .text._Z12BMP280_Beginv
                0x000008ce       0x9c main.o
                0x000008ce                _Z12BMP280_Beginv
 .text._Z9I2C_writehh
                0x0000096a       0x1c main.o
                0x0000096a                _Z9I2C_writehh
 .text._Z9Init_ADXLv
                0x00000986       0x12 main.o
                0x00000986                _Z9Init_ADXLv
 .text._Z9GET_ACCELv
                0x00000998      0x124 main.o
                0x00000998                _Z9GET_ACCELv
 .text._Z6GET_IDv
                0x00000abc       0x1c main.o
                0x00000abc                _Z6GET_IDv
 .text._Z7TS_findv
                0x00000ad8       0x36 main.o
                0x00000ad8                _Z7TS_findv
 .text._Z12TS_write_bitc
                0x00000b0e       0x20 main.o
                0x00000b0e                _Z12TS_write_bitc
 .text._Z13TS_write_byteh
                0x00000b2e       0x52 main.o
                0x00000b2e                _Z13TS_write_byteh
 .text._Z11TS_read_bitv
                0x00000b80       0x2a main.o
                0x00000b80                _Z11TS_read_bitv
 .text._Z12TS_read_bytev
                0x00000baa       0x2c main.o
                0x00000baa                _Z12TS_read_bytev
 .text._Z12DS18B20_initv
                0x00000bd6       0x18 main.o
                0x00000bd6                _Z12DS18B20_initv
 .text._Z4tempv
                0x00000bee       0x46 main.o
                0x00000bee                _Z4tempv
 .text._Z8spi_initv
                0x00000c34        0xc main.o
                0x00000c34                _Z8spi_initv
 .text._Z13spi_send_recvh
                0x00000c40        0xa main.o
                0x00000c40                _Z13spi_send_recvh
 .text._Z15radio_assert_cev
                0x00000c4a        0x4 main.o
                0x00000c4a                _Z15radio_assert_cev
 .text._Z17radio_deassert_cev
                0x00000c4e        0x4 main.o
                0x00000c4e                _Z17radio_deassert_cev
 .text._Z10radio_initv
                0x00000c52        0xe main.o
                0x00000c52                _Z10radio_initv
 .text._Z15radio_write_bufhPhh
                0x00000c60       0x3e main.o
                0x00000c60                _Z15radio_write_bufhPhh
 .text._Z13radio_readregh
                0x00000c9e       0x1a main.o
                0x00000c9e                _Z13radio_readregh
 .text._Z14radio_writereghh
                0x00000cb8       0x22 main.o
                0x00000cb8                _Z14radio_writereghh
 .text._Z18radio_writereg_bufhPhh
                0x00000cda        0x6 main.o
                0x00000cda                _Z18radio_writereg_bufhPhh
 .text._Z11radio_startv
                0x00000ce0       0xe8 main.o
                0x00000ce0                _Z11radio_startv
 .text._Z9send_dataPhh
                0x00000dc8       0x40 main.o
                0x00000dc8                _Z9send_dataPhh
 .text._Z11siReadShorth
                0x00000e08       0x4a main.o
                0x00000e08                _Z11siReadShorth
 .text._Z9si_read_Tv
                0x00000e52       0x3c main.o
                0x00000e52                _Z9si_read_Tv
 .text._Z9si_read_hv
                0x00000e8e       0x30 main.o
                0x00000e8e                _Z9si_read_hv
 .text._Z12mpuReadShorth
                0x00000ebe       0x38 main.o
                0x00000ebe                _Z12mpuReadShorth
 .text._Z9write_reghh
                0x00000ef6       0x1c main.o
                0x00000ef6                _Z9write_reghh
 .text._Z10read_reg_8h
                0x00000f12       0x22 main.o
                0x00000f12                _Z10read_reg_8h
 .text._Z12mpu9250checkv
                0x00000f34        0xa main.o
                0x00000f34                _Z12mpu9250checkv
 .text._Z9servoinitv
                0x00000f3e        0x8 main.o
                0x00000f3e                _Z9servoinitv
 .text._Z8init_adcv
                0x00000f46       0x1e main.o
                0x00000f46                _Z8init_adcv
 .text._Z8read_adch
                0x00000f64       0x14 main.o
                0x00000f64                _Z8read_adch
 .text._Z12array2doublePc
                0x00000f78      0x128 main.o
                0x00000f78                _Z12array2doublePc
 .text.__vector_18
                0x000010a0      0x32e main.o
                0x000010a0                __vector_18
 .text._ZN5point10TimeToFallEv
                0x000013ce       0xd0 main.o
                0x000013ce                _ZN5point10TimeToFallEv
 .text._Z10init_timerv
                0x0000149e        0xe main.o
                0x0000149e                _Z10init_timerv
 .text.__vector_14
                0x000014ac       0xea main.o
                0x000014ac                __vector_14
 .text._Z7getTimev
                0x00001596       0x30 main.o
                0x00001596                _Z7getTimev
 .text._Z14spi_write_byteh
                0x000015c6        0x8 main.o
                0x000015c6                _Z14spi_write_byteh
 .text._Z13spi_read_bytev
                0x000015ce        0xc main.o
                0x000015ce                _Z13spi_read_bytev
 .text._Z11flash_startv
                0x000015da        0x4 main.o
                0x000015da                _Z11flash_startv
 .text._Z10flash_stopv
                0x000015de        0x4 main.o
                0x000015de                _Z10flash_stopv
 .text._Z10flash_initv
                0x000015e2        0x4 main.o
                0x000015e2                _Z10flash_initv
 .text._Z13is_flash_busyv
                0x000015e6       0x22 main.o
                0x000015e6                _Z13is_flash_busyv
 .text._Z18flash_write_enablev
                0x00001608       0x1c main.o
                0x00001608                _Z18flash_write_enablev
 .text._Z17flash_write_1bytemh
                0x00001624       0x4c main.o
                0x00001624                _Z17flash_write_1bytemh
 .text._Z10flashwritemiiiiiiimmmmjjjji
                0x00001670      0x408 main.o
                0x00001670                _Z10flashwritemiiiiiiimmmmjjjji
 .text._Z18EEPROM_write_1bytejh
                0x00001a78       0x10 main.o
                0x00001a78                _Z18EEPROM_write_1bytejh
 .text._Z18EEPROM_write_2bytejj
                0x00001a88       0x1a main.o
                0x00001a88                _Z18EEPROM_write_2bytejj
 .text._Z18EEPROM_write_4bytejm
                0x00001aa2       0x4c main.o
                0x00001aa2                _Z18EEPROM_write_4bytejm
 .text._ZN4aval3paiEv
                0x00001aee      0x130 main.o
                0x00001aee                _ZN4aval3paiEv
 .text._ZN4aval3pliEv
                0x00001c1e      0x148 main.o
                0x00001c1e                _ZN4aval3pliEv
 .text._ZN4aval3phiEv
                0x00001d66       0xd6 main.o
                0x00001d66                _ZN4aval3phiEv
 .text._ZN4aval3p_iEv
                0x00001e3c      0x19a main.o
                0x00001e3c                _ZN4aval3p_iEv
 .text._ZN4aval5grt10Ev
                0x00001fd6       0x56 main.o
                0x00001fd6                _ZN4aval5grt10Ev
 .text._ZN4aval3poiEv
                0x0000202c       0x88 main.o
                0x0000202c                _ZN4aval3poiEv
 .text._ZN4aval3grtEv
                0x000020b4       0x72 main.o
                0x000020b4                _ZN4aval3grtEv
 .text._ZN4aval5queenEv
                0x00002126      0x3bc main.o
                0x00002126                _ZN4aval5queenEv
 .text._ZN4aval3phdEv
                0x000024e2       0xd6 main.o
                0x000024e2                _ZN4aval3phdEv
 .text._ZN4aval2pdEv
                0x000025b8      0x19a main.o
                0x000025b8                _ZN4aval2pdEv
 .text._ZN4aval5dt10dEv
                0x00002752       0xc8 main.o
                0x00002752                _ZN4aval5dt10dEv
 .text._ZN4aval5pt10dEv
                0x0000281a      0x15e main.o
                0x0000281a                _ZN4aval5pt10dEv
 .text._ZN4aval4ph0dEv
                0x00002978       0x88 main.o
                0x00002978                _ZN4aval4ph0dEv
 .text._ZN4aval6queen2Ev
                0x00002a00      0x364 main.o
                0x00002a00                _ZN4aval6queen2Ev
 .text._ZN4aval2phEv
                0x00002d64       0xd6 main.o
                0x00002d64                _ZN4aval2phEv
 .text._ZN4aval1pEv
                0x00002e3a      0x19e main.o
                0x00002e3a                _ZN4aval1pEv
 .text._ZN4aval2pvEv
                0x00002fd8       0xfc main.o
                0x00002fd8                _ZN4aval2pvEv
 .text._ZN4aval2dtEv
                0x000030d4      0x19e main.o
                0x000030d4                _ZN4aval2dtEv
 .text._ZN4aval2ptEv
                0x00003272      0x182 main.o
                0x00003272                _ZN4aval2ptEv
 .text._ZN4aval6queen3Ev
                0x000033f4      0x3da main.o
                0x000033f4                _ZN4aval6queen3Ev
 .text.__vector_3
                0x000037ce       0x5c main.o
                0x000037ce                __vector_3
 .text.startup.main
                0x0000382a     0x16b2 main.o
                0x0000382a                main
 .text.startup._GLOBAL__sub_I__Z9uart_initv
                0x00004edc       0x18 main.o
 .text.avr-libc.fplib
                0x00004ef4       0x1c c:/program files (x86)/atmel/studio/7.0/toolchain/avr8/avr8-gnu-toolchain/bin/../lib/gcc/avr/5.4.0/../../../../avr/lib/avr51\libm.a(acos.o)
                0x00004ef4                acos
 .text.avr-libc.fplib
                0x00004f10        0xa c:/program files (x86)/atmel/studio/7.0/toolchain/avr8/avr8-gnu-toolchain/bin/../lib/gcc/avr/5.4.0/../../../../avr/lib/avr51\libm.a(addsf3.o)
                0x00004f10                __subsf3
                0x00004f12                __addsf3
 .text.avr-libc.fplib
                0x00004f1a       0xc0 c:/program files (x86)/atmel/studio/7.0/toolchain/avr8/avr8-gnu-toolchain/bin/../lib/gcc/avr/5.4.0/../../../../avr/lib/avr51\libm.a(addsf3x.o)
                0x00004f34                __addsf3x
 .text.avr-libc.fplib
                0x00004fda       0x50 c:/program files (x86)/atmel/studio/7.0/toolchain/avr8/avr8-gnu-toolchain/bin/../lib/gcc/avr/5.4.0/../../../../avr/lib/avr51\libm.a(atan.o)
                0x00004fda                atan
 .text.avr-libc.fplib
                0x0000502a        0x8 c:/program files (x86)/atmel/studio/7.0/toolchain/avr8/avr8-gnu-toolchain/bin/../lib/gcc/avr/5.4.0/../../../../avr/lib/avr51\libm.a(cmpsf2.o)
                0x0000502a                __nesf2
                0x0000502a                __eqsf2
                0x0000502a                __cmpsf2
                0x0000502a                __ltsf2
                0x0000502a                __lesf2
 .text.avr-libc.fplib
                0x00005032        0x4 c:/program files (x86)/atmel/studio/7.0/toolchain/avr8/avr8-gnu-toolchain/bin/../lib/gcc/avr/5.4.0/../../../../avr/lib/avr51\libm.a(divsf3.o)
                0x00005032                __divsf3
 .text.avr-libc.fplib
                0x00005036       0xcc c:/program files (x86)/atmel/studio/7.0/toolchain/avr8/avr8-gnu-toolchain/bin/../lib/gcc/avr/5.4.0/../../../../avr/lib/avr51\libm.a(divsf3x.o)
                0x0000504c                __divsf3x
                0x00005050                __divsf3_pse
 .text.avr-libc.fplib
                0x00005102        0xa c:/program files (x86)/atmel/studio/7.0/toolchain/avr8/avr8-gnu-toolchain/bin/../lib/gcc/avr/5.4.0/../../../../avr/lib/avr51\libm.a(fixsfsi.o)
                0x00005102                __fixsfsi
 .text.avr-libc.fplib
                0x0000510c       0x58 c:/program files (x86)/atmel/studio/7.0/toolchain/avr8/avr8-gnu-toolchain/bin/../lib/gcc/avr/5.4.0/../../../../avr/lib/avr51\libm.a(fixunssfsi.o)
                0x0000510c                __fixunssfsi
 .text.avr-libc.fplib
                0x00005164       0x7a c:/program files (x86)/atmel/studio/7.0/toolchain/avr8/avr8-gnu-toolchain/bin/../lib/gcc/avr/5.4.0/../../../../avr/lib/avr51\libm.a(floatsisf.o)
                0x00005164                __floatunsisf
                0x00005168                __floatsisf
 .text.avr-libc.fplib
                0x000051de       0x36 c:/program files (x86)/atmel/studio/7.0/toolchain/avr8/avr8-gnu-toolchain/bin/../lib/gcc/avr/5.4.0/../../../../avr/lib/avr51\libm.a(fp_arccos.o)
                0x000051de                __fp_arccos
 .text.avr-libc.fplib
                0x00005214       0x48 c:/program files (x86)/atmel/studio/7.0/toolchain/avr8/avr8-gnu-toolchain/bin/../lib/gcc/avr/5.4.0/../../../../avr/lib/avr51\libm.a(fp_cmp.o)
                0x00005214                __fp_cmp
 .text.avr-libc.fplib
                0x0000525c        0xc c:/program files (x86)/atmel/studio/7.0/toolchain/avr8/avr8-gnu-toolchain/bin/../lib/gcc/avr/5.4.0/../../../../avr/lib/avr51\libm.a(fp_inf.o)
                0x0000525c                __fp_inf
 .text.avr-libc.fplib
                0x00005268        0x6 c:/program files (x86)/atmel/studio/7.0/toolchain/avr8/avr8-gnu-toolchain/bin/../lib/gcc/avr/5.4.0/../../../../avr/lib/avr51\libm.a(fp_nan.o)
                0x00005268                __fp_nan
 .text.avr-libc.fplib
                0x0000526e       0x4a c:/program files (x86)/atmel/studio/7.0/toolchain/avr8/avr8-gnu-toolchain/bin/../lib/gcc/avr/5.4.0/../../../../avr/lib/avr51\libm.a(fp_powser.o)
                0x0000526e                __fp_powser
 .text.avr-libc.fplib
                0x000052b8        0xe c:/program files (x86)/atmel/studio/7.0/toolchain/avr8/avr8-gnu-toolchain/bin/../lib/gcc/avr/5.4.0/../../../../avr/lib/avr51\libm.a(fp_pscA.o)
                0x000052b8                __fp_pscA
 .text.avr-libc.fplib
                0x000052c6        0xe c:/program files (x86)/atmel/studio/7.0/toolchain/avr8/avr8-gnu-toolchain/bin/../lib/gcc/avr/5.4.0/../../../../avr/lib/avr51\libm.a(fp_pscB.o)
                0x000052c6                __fp_pscB
 .text.avr-libc.fplib
                0x000052d4       0x22 c:/program files (x86)/atmel/studio/7.0/toolchain/avr8/avr8-gnu-toolchain/bin/../lib/gcc/avr/5.4.0/../../../../avr/lib/avr51\libm.a(fp_round.o)
                0x000052d4                __fp_round
 .text.avr-libc.fplib
                0x000052f6       0x44 c:/program files (x86)/atmel/studio/7.0/toolchain/avr8/avr8-gnu-toolchain/bin/../lib/gcc/avr/5.4.0/../../../../avr/lib/avr51\libm.a(fp_split3.o)
                0x000052f6                __fp_split3
                0x00005306                __fp_splitA
 .text.avr-libc.fplib
                0x0000533a        0xe c:/program files (x86)/atmel/studio/7.0/toolchain/avr8/avr8-gnu-toolchain/bin/../lib/gcc/avr/5.4.0/../../../../avr/lib/avr51\libm.a(fp_zero.o)
                0x0000533a                __fp_zero
                0x0000533c                __fp_szero
 .text.avr-libc.fplib
                0x00005348        0x8 c:/program files (x86)/atmel/studio/7.0/toolchain/avr8/avr8-gnu-toolchain/bin/../lib/gcc/avr/5.4.0/../../../../avr/lib/avr51\libm.a(gesf2.o)
                0x00005348                __gesf2
                0x00005348                __gtsf2
 .text.avr-libc.fplib
                0x00005350        0xe c:/program files (x86)/atmel/studio/7.0/toolchain/avr8/avr8-gnu-toolchain/bin/../lib/gcc/avr/5.4.0/../../../../avr/lib/avr51\libm.a(inverse.o)
                0x00005350                inverse
 .text.avr-libc.fplib
                0x0000535e       0x8a c:/program files (x86)/atmel/studio/7.0/toolchain/avr8/avr8-gnu-toolchain/bin/../lib/gcc/avr/5.4.0/../../../../avr/lib/avr51\libm.a(log.o)
                0x00005368                log
 .text.avr-libc.fplib
                0x000053e8        0x4 c:/program files (x86)/atmel/studio/7.0/toolchain/avr8/avr8-gnu-toolchain/bin/../lib/gcc/avr/5.4.0/../../../../avr/lib/avr51\libm.a(mulsf3.o)
                0x000053e8                __mulsf3
 .text.avr-libc.fplib
                0x000053ec       0xc2 c:/program files (x86)/atmel/studio/7.0/toolchain/avr8/avr8-gnu-toolchain/bin/../lib/gcc/avr/5.4.0/../../../../avr/lib/avr51\libm.a(mulsf3x.o)
                0x00005400                __mulsf3x
                0x00005404                __mulsf3_pse
 .text.avr-libc.fplib
                0x000054ae       0x98 c:/program files (x86)/atmel/studio/7.0/toolchain/avr8/avr8-gnu-toolchain/bin/../lib/gcc/avr/5.4.0/../../../../avr/lib/avr51\libm.a(pow.o)
                0x000054ae                pow
 .text.avr-libc.fplib
                0x00005546       0x84 c:/program files (x86)/atmel/studio/7.0/toolchain/avr8/avr8-gnu-toolchain/bin/../lib/gcc/avr/5.4.0/../../../../avr/lib/avr51\libm.a(sqrt.o)
                0x0000554e                sqrtf
                0x0000554e                sqrt
 .text.avr-libc.fplib
                0x000055ca        0x6 c:/program files (x86)/atmel/studio/7.0/toolchain/avr8/avr8-gnu-toolchain/bin/../lib/gcc/avr/5.4.0/../../../../avr/lib/avr51\libm.a(square.o)
                0x000055ca                square
 .text.avr-libc.fplib
                0x000055d0       0x62 c:/program files (x86)/atmel/studio/7.0/toolchain/avr8/avr8-gnu-toolchain/bin/../lib/gcc/avr/5.4.0/../../../../avr/lib/avr51\libm.a(exp.o)
                0x000055da                exp
 .text.avr-libc.fplib
                0x00005632       0x1c c:/program files (x86)/atmel/studio/7.0/toolchain/avr8/avr8-gnu-toolchain/bin/../lib/gcc/avr/5.4.0/../../../../avr/lib/avr51\libm.a(fp_mpack.o)
                0x00005632                __fp_mpack
                0x00005636                __fp_mpack_finite
 .text.avr-libc.fplib
                0x0000564e        0xe c:/program files (x86)/atmel/studio/7.0/toolchain/avr8/avr8-gnu-toolchain/bin/../lib/gcc/avr/5.4.0/../../../../avr/lib/avr51\libm.a(fp_norm2.o)
                0x0000564e                __fp_norm2
 .text.avr-libc.fplib
                0x0000565c       0x6c c:/program files (x86)/atmel/studio/7.0/toolchain/avr8/avr8-gnu-toolchain/bin/../lib/gcc/avr/5.4.0/../../../../avr/lib/avr51\libm.a(ldexp.o)
                0x00005660                ldexp
 .text.avr-libc.fplib
                0x000056c8       0x66 c:/program files (x86)/atmel/studio/7.0/toolchain/avr8/avr8-gnu-toolchain/bin/../lib/gcc/avr/5.4.0/../../../../avr/lib/avr51\libm.a(modf.o)
                0x000056c8                modf
                0x000056c8                modff
 .text.libgcc.mul
                0x0000572e       0x1e c:/program files (x86)/atmel/studio/7.0/toolchain/avr8/avr8-gnu-toolchain/bin/../lib/gcc/avr/5.4.0/avr51\libgcc.a(_mulsi3.o)
                0x0000572e                __mulsi3
 .text.libgcc.div
                0x0000574c       0x44 c:/program files (x86)/atmel/studio/7.0/toolchain/avr8/avr8-gnu-toolchain/bin/../lib/gcc/avr/5.4.0/avr51\libgcc.a(_udivmodsi4.o)
                0x0000574c                __udivmodsi4
 .text.libgcc.div
                0x00005790       0x28 c:/program files (x86)/atmel/studio/7.0/toolchain/avr8/avr8-gnu-toolchain/bin/../lib/gcc/avr/5.4.0/avr51\libgcc.a(_divmodsi4.o)
                0x00005790                __divmodsi4
 .text.libgcc.div
                0x000057b8       0x10 c:/program files (x86)/atmel/studio/7.0/toolchain/avr8/avr8-gnu-toolchain/bin/../lib/gcc/avr/5.4.0/avr51\libgcc.a(_negsi2.o)
                0x000057b8                __negsi2
 .text.libgcc.mul
                0x000057c8       0x14 c:/program files (x86)/atmel/studio/7.0/toolchain/avr8/avr8-gnu-toolchain/bin/../lib/gcc/avr/5.4.0/avr51\libgcc.a(_muluhisi3.o)
                0x000057c8                __muluhisi3
 .text.libgcc.mul
                0x000057dc        0xc c:/program files (x86)/atmel/studio/7.0/toolchain/avr8/avr8-gnu-toolchain/bin/../lib/gcc/avr/5.4.0/avr51\libgcc.a(_mulshisi3.o)
                0x000057dc                __mulshisi3
                0x000057e0                __mulohisi3
 .text.libgcc   0x000057e8       0x18 c:/program files (x86)/atmel/studio/7.0/toolchain/avr8/avr8-gnu-toolchain/bin/../lib/gcc/avr/5.4.0/avr51\libgcc.a(_adddi3_s8.o)
                0x000057e8                __adddi3_s8
 .text.libgcc   0x00005800       0x12 c:/program files (x86)/atmel/studio/7.0/toolchain/avr8/avr8-gnu-toolchain/bin/../lib/gcc/avr/5.4.0/avr51\libgcc.a(_tablejump2.o)
                0x00005800                __tablejump2__
 .text.libgcc.mul
                0x00005812       0x1e c:/program files (x86)/atmel/studio/7.0/toolchain/avr8/avr8-gnu-toolchain/bin/../lib/gcc/avr/5.4.0/avr51\libgcc.a(_umulhisi3.o)
                0x00005812                __umulhisi3
 .text.avr-libc
                0x00005830       0x12 c:/program files (x86)/atmel/studio/7.0/toolchain/avr8/avr8-gnu-toolchain/bin/../lib/gcc/avr/5.4.0/../../../../avr/lib/avr51\libc.a(strcmp.o)
                0x00005830                strcmp
 .text.avr-libc
                0x00005842        0xe c:/program files (x86)/atmel/studio/7.0/toolchain/avr8/avr8-gnu-toolchain/bin/../lib/gcc/avr/5.4.0/../../../../avr/lib/avr51\libc.a(strcpy.o)
                0x00005842                strcpy
 .text.avr-libc
                0x00005850       0x5c c:/program files (x86)/atmel/studio/7.0/toolchain/avr8/avr8-gnu-toolchain/bin/../lib/gcc/avr/5.4.0/../../../../avr/lib/avr51\libc.a(sprintf.o)
                0x00005850                sprintf
 .text.avr-libc
                0x000058ac      0x3fa c:/program files (x86)/atmel/studio/7.0/toolchain/avr8/avr8-gnu-toolchain/bin/../lib/gcc/avr/5.4.0/../../../../avr/lib/avr51\libc.a(vfprintf_std.o)
                0x000058ac                vfprintf
 .text.avr-libc
                0x00005ca6       0x16 c:/program files (x86)/atmel/studio/7.0/toolchain/avr8/avr8-gnu-toolchain/bin/../lib/gcc/avr/5.4.0/../../../../avr/lib/avr51\libc.a(strnlen_P.o)
                0x00005ca6                strnlen_P
 .text.avr-libc
                0x00005cbc       0x16 c:/program files (x86)/atmel/studio/7.0/toolchain/avr8/avr8-gnu-toolchain/bin/../lib/gcc/avr/5.4.0/../../../../avr/lib/avr51\libc.a(strnlen.o)
                0x00005cbc                strnlen
 .text.avr-libc
                0x00005cd2       0x78 c:/program files (x86)/atmel/studio/7.0/toolchain/avr8/avr8-gnu-toolchain/bin/../lib/gcc/avr/5.4.0/../../../../avr/lib/avr51\libc.a(fputc.o)
                0x00005cd2                fputc
 .text.avr-libc
                0x00005d4a       0xbc c:/program files (x86)/atmel/studio/7.0/toolchain/avr8/avr8-gnu-toolchain/bin/../lib/gcc/avr/5.4.0/../../../../avr/lib/avr51\libc.a(ultoa_invert.o)
                0x00005d4a                __ultoa_invert
                0x00005e06                . = ALIGN (0x2)
 *(.fini9)
 .fini9         0x00005e06        0x0 c:/program files (x86)/atmel/studio/7.0/toolchain/avr8/avr8-gnu-toolchain/bin/../lib/gcc/avr/5.4.0/avr51\libgcc.a(_exit.o)
                0x00005e06                _exit
                0x00005e06                exit
 *(.fini9)
 *(.fini8)
 *(.fini8)
 *(.fini7)
 *(.fini7)
 *(.fini6)
 *(.fini6)
 *(.fini5)
 *(.fini5)
 *(.fini4)
 *(.fini4)
 *(.fini3)
 *(.fini3)
 *(.fini2)
 *(.fini2)
 *(.fini1)
 *(.fini1)
 *(.fini0)
 .fini0         0x00005e06        0x4 c:/program files (x86)/atmel/studio/7.0/toolchain/avr8/avr8-gnu-toolchain/bin/../lib/gcc/avr/5.4.0/avr51\libgcc.a(_exit.o)
 *(.fini0)
                0x00005e0a                _etext = .

.data           0x00800100       0xee load address 0x00005e0a
                0x00800100                PROVIDE (__data_start, .)
 *(.data)
 *(.data*)
 .data.mode     0x00800100        0x2 main.o
                0x00800100                mode
 *(.gnu.linkonce.d*)
 *(.rodata)
 .rodata        0x00800102       0x2a main.o
 *(.rodata*)
 .rodata.str1.1
                0x0080012c       0xc1 main.o
 *(.gnu.linkonce.r*)
                0x008001ee                . = ALIGN (0x2)
 *fill*         0x008001ed        0x1 
                0x008001ee                _edata = .
                0x008001ee                PROVIDE (__data_end, .)

.bss            0x008001ee       0x6d
                0x008001ee                PROVIDE (__bss_start, .)
 *(.bss)
 *(.bss*)
 .bss.msecond   0x008001ee        0x4 main.o
                0x008001ee                msecond
 .bss.second    0x008001f2        0x4 main.o
                0x008001f2                second
 .bss.data      0x008001f6        0x1 main.o
                0x008001f6                data
 .bss.buf       0x008001f7       0x12 main.o
                0x008001f7                buf
 .bss.num_need  0x00800209        0x2 main.o
                0x00800209                num_need
 .bss.num_curr  0x0080020b        0x2 main.o
                0x0080020b                num_curr
 .bss.package   0x0080020d        0x6 main.o
                0x0080020d                package
 .bss.status    0x00800213        0x1 main.o
                0x00800213                status
 .bss.speed_kmh
                0x00800214        0x4 main.o
                0x00800214                speed_kmh
 .bss.speed_knots
                0x00800218        0x4 main.o
                0x00800218                speed_knots
 .bss.course_dir
                0x0080021c        0x4 main.o
                0x0080021c                course_dir
 .bss.hs_e_w    0x00800220        0x1 main.o
                0x00800220                hs_e_w
 .bss.longitude
                0x00800221        0x4 main.o
                0x00800221                longitude
 .bss.hs_n_o    0x00800225        0x1 main.o
                0x00800225                hs_n_o
 .bss.latitude  0x00800226        0x4 main.o
                0x00800226                latitude
 .bss.ID        0x0080022a        0x1 main.o
                0x0080022a                ID
 .bss.ACCEL_Z   0x0080022b        0x4 main.o
                0x0080022b                ACCEL_Z
 .bss.ACCEL_Y   0x0080022f        0x4 main.o
                0x0080022f                ACCEL_Y
 .bss.ACCEL_X   0x00800233        0x4 main.o
                0x00800233                ACCEL_X
 .bss.ACCEL_zl  0x00800237        0x1 main.o
                0x00800237                ACCEL_zl
 .bss.ACCEL_zh  0x00800238        0x1 main.o
                0x00800238                ACCEL_zh
 .bss.ACCEL_yl  0x00800239        0x1 main.o
                0x00800239                ACCEL_yl
 .bss.ACCEL_yh  0x0080023a        0x1 main.o
                0x0080023a                ACCEL_yh
 .bss.ACCEL_xl  0x0080023b        0x1 main.o
                0x0080023b                ACCEL_xl
 .bss.ACCEL_xh  0x0080023c        0x1 main.o
                0x0080023c                ACCEL_xh
 .bss.t_fine    0x0080023d        0x4 main.o
                0x0080023d                t_fine
 .bss.dig_P9    0x00800241        0x2 main.o
                0x00800241                dig_P9
 .bss.dig_P8    0x00800243        0x2 main.o
                0x00800243                dig_P8
 .bss.dig_P7    0x00800245        0x2 main.o
                0x00800245                dig_P7
 .bss.dig_P6    0x00800247        0x2 main.o
                0x00800247                dig_P6
 .bss.dig_P5    0x00800249        0x2 main.o
                0x00800249                dig_P5
 .bss.dig_P4    0x0080024b        0x2 main.o
                0x0080024b                dig_P4
 .bss.dig_P3    0x0080024d        0x2 main.o
                0x0080024d                dig_P3
 .bss.dig_P2    0x0080024f        0x2 main.o
                0x0080024f                dig_P2
 .bss.dig_P1    0x00800251        0x2 main.o
                0x00800251                dig_P1
 .bss.dig_T3    0x00800253        0x2 main.o
                0x00800253                dig_T3
 .bss.dig_T2    0x00800255        0x2 main.o
                0x00800255                dig_T2
 .bss.dig_T1    0x00800257        0x2 main.o
                0x00800257                dig_T1
 .bss.i2c_frame_error1
                0x00800259        0x1 main.o
                0x00800259                i2c_frame_error1
 .bss.i2c_frame_error
                0x0080025a        0x1 main.o
                0x0080025a                i2c_frame_error
 *(COMMON)
                0x0080025b                PROVIDE (__bss_end, .)
                0x00005e0a                __data_load_start = LOADADDR (.data)
                0x00005ef8                __data_load_end = (__data_load_start + SIZEOF (.data))

.noinit         0x0080025b        0x0
                [!provide]                PROVIDE (__noinit_start, .)
 *(.noinit*)
                [!provide]                PROVIDE (__noinit_end, .)
                0x0080025b                _end = .
                0x0080025b                PROVIDE (__heap_start, .)

.eeprom         0x00810000        0x0
 *(.eeprom*)
                0x00810000                __eeprom_end = .

.fuse
 *(.fuse)
 *(.lfuse)
 *(.hfuse)
 *(.efuse)

.lock
 *(.lock*)

.signature
 *(.signature*)

.user_signatures
 *(.user_signatures*)

.stab
 *(.stab)

.stabstr
 *(.stabstr)

.stab.excl
 *(.stab.excl)

.stab.exclstr
 *(.stab.exclstr)

.stab.index
 *(.stab.index)

.stab.indexstr
 *(.stab.indexstr)

.comment        0x00000000       0x5c
 *(.comment)
 .comment       0x00000000       0x30 main.o
                                 0x31 (size before relaxing)
 .comment       0x00000030       0x31 c:/program files (x86)/atmel/studio/7.0/toolchain/avr8/avr8-gnu-toolchain/bin/../lib/gcc/avr/5.4.0/../../../../avr/lib/avr51\libc.a(sprintf.o)
 .comment       0x00000030       0x2c c:/program files (x86)/atmel/studio/7.0/toolchain/avr8/avr8-gnu-toolchain/bin/../lib/gcc/avr/5.4.0/../../../../avr/lib/avr51\libc.a(vfprintf_std.o)
                                 0x2d (size before relaxing)
 .comment       0x0000005c       0x31 c:/program files (x86)/atmel/studio/7.0/toolchain/avr8/avr8-gnu-toolchain/bin/../lib/gcc/avr/5.4.0/../../../../avr/lib/avr51\libc.a(fputc.o)

.note.gnu.avr.deviceinfo
                0x00000000       0x40
 .note.gnu.avr.deviceinfo
                0x00000000       0x40 C:/Program Files (x86)/Atmel/Studio/7.0/Packs/atmel/ATmega_DFP/1.2.209/gcc/dev/atmega128a/avr51/crtatmega128a.o

.note.gnu.build-id
 *(.note.gnu.build-id)

.debug
 *(.debug)

.line
 *(.line)

.debug_srcinfo
 *(.debug_srcinfo)

.debug_sfnames
 *(.debug_sfnames)

.debug_aranges
 *(.debug_aranges)

.debug_pubnames
 *(.debug_pubnames)

.debug_info     0x00000000      0x780
 *(.debug_info .gnu.linkonce.wi.*)
 .debug_info    0x00000000      0x780 C:/Program Files (x86)/Atmel/Studio/7.0/Packs/atmel/ATmega_DFP/1.2.209/gcc/dev/atmega128a/avr51/crtatmega128a.o

.debug_abbrev   0x00000000      0x718
 *(.debug_abbrev)
 .debug_abbrev  0x00000000      0x718 C:/Program Files (x86)/Atmel/Studio/7.0/Packs/atmel/ATmega_DFP/1.2.209/gcc/dev/atmega128a/avr51/crtatmega128a.o

.debug_line     0x00000000      0x169
 *(.debug_line .debug_line.* .debug_line_end)
 .debug_line    0x00000000      0x169 C:/Program Files (x86)/Atmel/Studio/7.0/Packs/atmel/ATmega_DFP/1.2.209/gcc/dev/atmega128a/avr51/crtatmega128a.o

.debug_frame
 *(.debug_frame)

.debug_str      0x00000000      0x27d
 *(.debug_str)
 .debug_str     0x00000000      0x27d C:/Program Files (x86)/Atmel/Studio/7.0/Packs/atmel/ATmega_DFP/1.2.209/gcc/dev/atmega128a/avr51/crtatmega128a.o

.debug_loc
 *(.debug_loc)

.debug_macinfo
 *(.debug_macinfo)

.debug_weaknames
 *(.debug_weaknames)

.debug_funcnames
 *(.debug_funcnames)

.debug_typenames
 *(.debug_typenames)

.debug_varnames
 *(.debug_varnames)

.debug_pubtypes
 *(.debug_pubtypes)

.debug_ranges
 *(.debug_ranges)

.debug_macro
 *(.debug_macro)
OUTPUT(June.elf elf32-avr)
LOAD linker stubs
